// Jest Snapshot v1, https://goo.gl/fbAQLP

exports[`parseExtended() parses starting position 1`] = `
{
  "borders": [],
  "lines": [],
  "squares": [
    {
      "piece": "r",
      "xy": [
        0,
        7,
      ],
    },
    {
      "piece": "n",
      "xy": [
        1,
        7,
      ],
    },
    {
      "piece": "b",
      "xy": [
        2,
        7,
      ],
    },
    {
      "piece": "q",
      "xy": [
        3,
        7,
      ],
    },
    {
      "piece": "k",
      "xy": [
        4,
        7,
      ],
    },
    {
      "piece": "b",
      "xy": [
        5,
        7,
      ],
    },
    {
      "piece": "n",
      "xy": [
        6,
        7,
      ],
    },
    {
      "piece": "r",
      "xy": [
        7,
        7,
      ],
    },
    {
      "piece": "p",
      "xy": [
        0,
        6,
      ],
    },
    {
      "piece": "p",
      "xy": [
        1,
        6,
      ],
    },
    {
      "piece": "p",
      "xy": [
        2,
        6,
      ],
    },
    {
      "piece": "p",
      "xy": [
        3,
        6,
      ],
    },
    {
      "piece": "p",
      "xy": [
        4,
        6,
      ],
    },
    {
      "piece": "p",
      "xy": [
        5,
        6,
      ],
    },
    {
      "piece": "p",
      "xy": [
        6,
        6,
      ],
    },
    {
      "piece": "p",
      "xy": [
        7,
        6,
      ],
    },
    {
      "piece": "P",
      "xy": [
        0,
        1,
      ],
    },
    {
      "piece": "P",
      "xy": [
        1,
        1,
      ],
    },
    {
      "piece": "P",
      "xy": [
        2,
        1,
      ],
    },
    {
      "piece": "P",
      "xy": [
        3,
        1,
      ],
    },
    {
      "piece": "P",
      "xy": [
        4,
        1,
      ],
    },
    {
      "piece": "P",
      "xy": [
        5,
        1,
      ],
    },
    {
      "piece": "P",
      "xy": [
        6,
        1,
      ],
    },
    {
      "piece": "P",
      "xy": [
        7,
        1,
      ],
    },
    {
      "piece": "R",
      "xy": [
        0,
        0,
      ],
    },
    {
      "piece": "N",
      "xy": [
        1,
        0,
      ],
    },
    {
      "piece": "B",
      "xy": [
        2,
        0,
      ],
    },
    {
      "piece": "Q",
      "xy": [
        3,
        0,
      ],
    },
    {
      "piece": "K",
      "xy": [
        4,
        0,
      ],
    },
    {
      "piece": "B",
      "xy": [
        5,
        0,
      ],
    },
    {
      "piece": "N",
      "xy": [
        6,
        0,
      ],
    },
    {
      "piece": "R",
      "xy": [
        7,
        0,
      ],
    },
  ],
}
`;
